// Jest Snapshot v1, https://goo.gl/fbAQLP

exports[`App renders the loading screen 1`] = `
<View
  onLayout={[Function]}
  style={
    Object {
      "flex": 1,
    }
  }
>
  <View
    collapsable={false}
    onGestureHandlerEvent={[Function]}
    onGestureHandlerStateChange={[Function]}
    style={
      Object {
        "backgroundColor": "#eee",
        "flex": 1,
        "flexDirection": "column-reverse",
        "overflow": "hidden",
      }
    }
  >
    <View
      style={
        Object {
          "flex": 1,
        }
      }
    >
      <View
        pointerEvents="auto"
        style={
          Object {
            "bottom": 0,
            "left": 0,
            "opacity": 1,
            "position": "absolute",
            "right": 0,
            "top": 0,
            "transform": Array [
              Object {
                "translateX": 0,
              },
              Object {
                "translateY": 0,
              },
            ],
          }
        }
      >
        <View
          accessibilityElementsHidden={false}
          style={
            Object {
              "backgroundColor": "#fff",
              "flex": 1,
            }
          }
        >
          <View
            style={
              Object {
                "alignItems": "center",
                "flex": 1,
                "flexDirection": "column",
                "height": 1334,
                "justifyContent": "flex-start",
                "width": 750,
              }
            }
          >
            <View
              accessibilityIgnoresInvertColors={true}
              style={
                Object {
                  "height": 1334,
                  "width": 750,
                }
              }
            >
              <Image
                resizeMode="cover"
                source={
                  Object {
                    "uri": "https://s30226.pcdn.co/wp-content/uploads/2015/02/half-moon-party-dates.jpg",
                  }
                }
                style={
                  Array [
                    Object {
                      "bottom": 0,
                      "left": 0,
                      "position": "absolute",
                      "right": 0,
                      "top": 0,
                    },
                    Object {
                      "height": 1334,
                      "width": 750,
                    },
                    Object {
                      "opacity": 0.7,
                    },
                  ]
                }
              />
              <View
                style={
                  Object {
                    "alignItems": "center",
                    "flex": 1,
                    "flexDirection": "column",
                    "justifyContent": "flex-start",
                  }
                }
              >
                <Image
                  resizeMode="contain"
                  source={1}
                  style={
                    Object {
                      "height": 533.5,
                      "marginTop": 200,
                      "width": 525,
                    }
                  }
                />
                <View>
                  <View
                    accessible={true}
                    isTVSelectable={true}
                    onResponderGrant={[Function]}
                    onResponderMove={[Function]}
                    onResponderRelease={[Function]}
                    onResponderTerminate={[Function]}
                    onResponderTerminationRequest={[Function]}
                    onStartShouldSetResponder={[Function]}
                    style={
                      Object {
                        "backgroundColor": "#FF5857",
                        "borderRadius": 25,
                        "marginTop": 30,
                        "padding": 10,
                        "width": 300,
                      }
                    }
                  >
                    <Text
                      style={
                        Object {
                          "color": "#fff",
                          "fontSize": 24,
                          "fontWeight": "bold",
                          "textAlign": "center",
                        }
                      }
                    >
                      Create Playlist
                    </Text>
                  </View>
                  <View
                    accessible={true}
                    isTVSelectable={true}
                    onResponderGrant={[Function]}
                    onResponderMove={[Function]}
                    onResponderRelease={[Function]}
                    onResponderTerminate={[Function]}
                    onResponderTerminationRequest={[Function]}
                    onStartShouldSetResponder={[Function]}
                    style={
                      Object {
                        "backgroundColor": "#FF5857",
                        "borderRadius": 25,
                        "marginTop": 30,
                        "opacity": 1,
                        "padding": 10,
                        "width": 300,
                      }
                    }
                  >
                    <Text
                      style={
                        Object {
                          "color": "#fff",
                          "fontSize": 24,
                          "fontWeight": "bold",
                          "textAlign": "center",
                        }
                      }
                    >
                      Join Playlist
                    </Text>
                  </View>
                </View>
              </View>
            </View>
          </View>
        </View>
      </View>
    </View>
    <View
      onLayout={[Function]}
      pointerEvents="box-none"
      style={
        Object {
          "left": 0,
          "position": "absolute",
          "right": 0,
          "top": 0,
        }
      }
    >
      <View
        style={
          Object {
            "backgroundColor": "#fff",
            "transform": Array [
              Object {
                "translateX": -750,
              },
            ],
          }
        }
      >
        <View
          onLayout={[Function]}
          pointerEvents="box-none"
          style={
            Object {
              "backgroundColor": "#fff",
              "borderBottomColor": "#a7a7aa",
              "borderBottomWidth": 0.5,
              "height": 64,
              "paddingBottom": 0,
              "paddingLeft": 0,
              "paddingRight": 0,
              "paddingTop": 20,
            }
          }
        >
          <View
            style={
              Object {
                "flex": 1,
              }
            }
          />
        </View>
      </View>
    </View>
  </View>
</View>
`;

exports[`App renders the root without loading screen 1`] = `
<View
  onLayout={[Function]}
  style={
    Object {
      "flex": 1,
    }
  }
>
  <View
    collapsable={false}
    onGestureHandlerEvent={[Function]}
    onGestureHandlerStateChange={[Function]}
    style={
      Object {
        "backgroundColor": "#eee",
        "flex": 1,
        "flexDirection": "column-reverse",
        "overflow": "hidden",
      }
    }
  >
    <View
      style={
        Object {
          "flex": 1,
        }
      }
    >
      <View
        pointerEvents="auto"
        style={
          Object {
            "bottom": 0,
            "left": 0,
            "opacity": 1,
            "position": "absolute",
            "right": 0,
            "top": 0,
            "transform": Array [
              Object {
                "translateX": 0,
              },
              Object {
                "translateY": 0,
              },
            ],
          }
        }
      >
        <View
          accessibilityElementsHidden={false}
          style={
            Object {
              "backgroundColor": "#fff",
              "flex": 1,
            }
          }
        >
          <View
            style={
              Object {
                "alignItems": "center",
                "flex": 1,
                "flexDirection": "column",
                "height": 1334,
                "justifyContent": "flex-start",
                "width": 750,
              }
            }
          >
            <View
              accessibilityIgnoresInvertColors={true}
              style={
                Object {
                  "height": 1334,
                  "width": 750,
                }
              }
            >
              <Image
                resizeMode="cover"
                source={
                  Object {
                    "uri": "https://s30226.pcdn.co/wp-content/uploads/2015/02/half-moon-party-dates.jpg",
                  }
                }
                style={
                  Array [
                    Object {
                      "bottom": 0,
                      "left": 0,
                      "position": "absolute",
                      "right": 0,
                      "top": 0,
                    },
                    Object {
                      "height": 1334,
                      "width": 750,
                    },
                    Object {
                      "opacity": 0.7,
                    },
                  ]
                }
              />
              <View
                style={
                  Object {
                    "alignItems": "center",
                    "flex": 1,
                    "flexDirection": "column",
                    "justifyContent": "flex-start",
                  }
                }
              >
                <Image
                  resizeMode="contain"
                  source={1}
                  style={
                    Object {
                      "height": 533.5,
                      "marginTop": 200,
                      "width": 525,
                    }
                  }
                />
                <View>
                  <View
                    accessible={true}
                    isTVSelectable={true}
                    onResponderGrant={[Function]}
                    onResponderMove={[Function]}
                    onResponderRelease={[Function]}
                    onResponderTerminate={[Function]}
                    onResponderTerminationRequest={[Function]}
                    onStartShouldSetResponder={[Function]}
                    style={
                      Object {
                        "backgroundColor": "#FF5857",
                        "borderRadius": 25,
                        "marginTop": 30,
                        "padding": 10,
                        "width": 300,
                      }
                    }
                  >
                    <Text
                      style={
                        Object {
                          "color": "#fff",
                          "fontSize": 24,
                          "fontWeight": "bold",
                          "textAlign": "center",
                        }
                      }
                    >
                      Create Playlist
                    </Text>
                  </View>
                  <View
                    accessible={true}
                    isTVSelectable={true}
                    onResponderGrant={[Function]}
                    onResponderMove={[Function]}
                    onResponderRelease={[Function]}
                    onResponderTerminate={[Function]}
                    onResponderTerminationRequest={[Function]}
                    onStartShouldSetResponder={[Function]}
                    style={
                      Object {
                        "backgroundColor": "#FF5857",
                        "borderRadius": 25,
                        "marginTop": 30,
                        "opacity": 1,
                        "padding": 10,
                        "width": 300,
                      }
                    }
                  >
                    <Text
                      style={
                        Object {
                          "color": "#fff",
                          "fontSize": 24,
                          "fontWeight": "bold",
                          "textAlign": "center",
                        }
                      }
                    >
                      Join Playlist
                    </Text>
                  </View>
                </View>
              </View>
            </View>
          </View>
        </View>
      </View>
    </View>
    <View
      onLayout={[Function]}
      pointerEvents="box-none"
      style={
        Object {
          "left": 0,
          "position": "absolute",
          "right": 0,
          "top": 0,
        }
      }
    >
      <View
        style={
          Object {
            "backgroundColor": "#fff",
            "transform": Array [
              Object {
                "translateX": -750,
              },
            ],
          }
        }
      >
        <View
          onLayout={[Function]}
          pointerEvents="box-none"
          style={
            Object {
              "backgroundColor": "#fff",
              "borderBottomColor": "#a7a7aa",
              "borderBottomWidth": 0.5,
              "height": 64,
              "paddingBottom": 0,
              "paddingLeft": 0,
              "paddingRight": 0,
              "paddingTop": 20,
            }
          }
        >
          <View
            style={
              Object {
                "flex": 1,
              }
            }
          />
        </View>
      </View>
    </View>
  </View>
</View>
`;
